1747775421.925567 client started (82834): version 3.5a, socket /private/tmp/tmux-1868688126/default, protocol 8
1747775421.925608 on Darwin 23.3.0 Darwin Kernel Version 23.3.0: Wed Dec 20 21:30:44 PST 2023; root:xnu-10002.81.5~7/RELEASE_ARM64_T6000
1747775421.925622 using libevent 2.1.12-stable select
1747775421.926207 using utf8proc 2.9.0
1747775421.926220 using ncurses 6.5 20240427
1747775421.926236 flags are 0x10010000
1747775421.926247 socket is /private/tmp/tmux-1868688126/default
1747775421.926259 trying connect
1747775421.926301 add peer 0x128048000: 6 (0x0)
1747775421.928276 sending message 111 to peer 0x128048000 (8 bytes)
1747775421.928298 sending message 111 to peer 0x128048000 (8 bytes)
1747775421.928311 sending message 101 to peer 0x128048000 (16 bytes)
1747775421.928323 sending message 109 to peer 0x128048000 (4 bytes)
1747775421.928334 sending message 102 to peer 0x128048000 (13 bytes)
1747775421.928344 sending message 108 to peer 0x128048000 (27 bytes)
1747775421.928353 sending message 112 to peer 0x128048000 (70 bytes)
1747775421.928364 sending message 112 to peer 0x128048000 (5 bytes)
1747775421.928373 sending message 112 to peer 0x128048000 (5 bytes)
1747775421.928382 sending message 112 to peer 0x128048000 (6 bytes)
1747775421.928390 sending message 112 to peer 0x128048000 (6 bytes)
1747775421.928399 sending message 112 to peer 0x128048000 (11 bytes)
1747775421.928408 sending message 112 to peer 0x128048000 (10 bytes)
1747775421.928416 sending message 112 to peer 0x128048000 (13 bytes)
1747775421.928424 sending message 112 to peer 0x128048000 (13 bytes)
1747775421.928432 sending message 112 to peer 0x128048000 (18 bytes)
1747775421.928440 sending message 112 to peer 0x128048000 (11 bytes)
1747775421.928448 sending message 112 to peer 0x128048000 (21 bytes)
1747775421.928457 sending message 112 to peer 0x128048000 (13 bytes)
1747775421.928465 sending message 112 to peer 0x128048000 (7 bytes)
1747775421.928473 sending message 112 to peer 0x128048000 (13 bytes)
1747775421.928481 sending message 112 to peer 0x128048000 (7 bytes)
1747775421.928489 sending message 112 to peer 0x128048000 (13 bytes)
1747775421.928497 sending message 112 to peer 0x128048000 (9 bytes)
1747775421.928505 sending message 112 to peer 0x128048000 (21 bytes)
1747775421.928514 sending message 112 to peer 0x128048000 (13 bytes)
1747775421.928522 sending message 112 to peer 0x128048000 (8 bytes)
1747775421.928531 sending message 112 to peer 0x128048000 (12 bytes)
1747775421.928539 sending message 112 to peer 0x128048000 (13 bytes)
1747775421.928547 sending message 112 to peer 0x128048000 (9 bytes)
1747775421.928556 sending message 112 to peer 0x128048000 (9 bytes)
1747775421.928564 sending message 112 to peer 0x128048000 (12 bytes)
1747775421.928572 sending message 112 to peer 0x128048000 (8 bytes)
1747775421.928580 sending message 112 to peer 0x128048000 (7 bytes)
1747775421.928588 sending message 112 to peer 0x128048000 (7 bytes)
1747775421.928596 sending message 112 to peer 0x128048000 (9 bytes)
1747775421.928603 sending message 112 to peer 0x128048000 (13 bytes)
1747775421.928615 sending message 112 to peer 0x128048000 (9 bytes)
1747775421.928623 sending message 112 to peer 0x128048000 (15 bytes)
1747775421.928630 sending message 112 to peer 0x128048000 (13 bytes)
1747775421.928638 sending message 112 to peer 0x128048000 (12 bytes)
1747775421.928645 sending message 112 to peer 0x128048000 (8 bytes)
1747775421.928654 sending message 112 to peer 0x128048000 (14 bytes)
1747775421.928661 sending message 112 to peer 0x128048000 (9 bytes)
1747775421.928668 sending message 112 to peer 0x128048000 (10 bytes)
1747775421.928676 sending message 112 to peer 0x128048000 (10 bytes)
1747775421.928684 sending message 112 to peer 0x128048000 (10 bytes)
1747775421.928691 sending message 112 to peer 0x128048000 (10 bytes)
1747775421.928698 sending message 112 to peer 0x128048000 (11 bytes)
1747775421.928706 sending message 112 to peer 0x128048000 (10 bytes)
1747775421.928713 sending message 112 to peer 0x128048000 (8 bytes)
1747775421.928721 sending message 112 to peer 0x128048000 (11 bytes)
1747775421.928737 sending message 112 to peer 0x128048000 (11 bytes)
1747775421.928744 sending message 112 to peer 0x128048000 (11 bytes)
1747775421.928750 sending message 112 to peer 0x128048000 (8 bytes)
1747775421.928756 sending message 112 to peer 0x128048000 (8 bytes)
1747775421.928762 sending message 112 to peer 0x128048000 (8 bytes)
1747775421.928768 sending message 112 to peer 0x128048000 (10 bytes)
1747775421.928774 sending message 112 to peer 0x128048000 (10 bytes)
1747775421.928781 sending message 112 to peer 0x128048000 (10 bytes)
1747775421.928788 sending message 112 to peer 0x128048000 (10 bytes)
1747775421.928795 sending message 112 to peer 0x128048000 (10 bytes)
1747775421.928801 sending message 112 to peer 0x128048000 (11 bytes)
1747775421.928808 sending message 112 to peer 0x128048000 (11 bytes)
1747775421.928815 sending message 112 to peer 0x128048000 (10 bytes)
1747775421.928822 sending message 112 to peer 0x128048000 (9 bytes)
1747775421.928828 sending message 112 to peer 0x128048000 (9 bytes)
1747775421.928835 sending message 112 to peer 0x128048000 (12 bytes)
1747775421.928841 sending message 112 to peer 0x128048000 (9 bytes)
1747775421.928848 sending message 112 to peer 0x128048000 (6 bytes)
1747775421.928855 sending message 112 to peer 0x128048000 (13 bytes)
1747775421.928862 sending message 112 to peer 0x128048000 (8 bytes)
1747775421.928869 sending message 112 to peer 0x128048000 (15 bytes)
1747775421.928875 sending message 112 to peer 0x128048000 (13 bytes)
1747775421.928882 sending message 112 to peer 0x128048000 (70 bytes)
1747775421.928890 sending message 112 to peer 0x128048000 (69 bytes)
1747775421.928895 sending message 112 to peer 0x128048000 (10 bytes)
1747775421.928904 sending message 112 to peer 0x128048000 (8 bytes)
1747775421.928911 sending message 112 to peer 0x128048000 (15 bytes)
1747775421.928917 sending message 112 to peer 0x128048000 (13 bytes)
1747775421.928924 sending message 112 to peer 0x128048000 (10 bytes)
1747775421.928931 sending message 112 to peer 0x128048000 (10 bytes)
1747775421.928936 sending message 112 to peer 0x128048000 (5 bytes)
1747775421.928943 sending message 112 to peer 0x128048000 (15 bytes)
1747775421.928950 sending message 104 to peer 0x128048000 (0 bytes)
1747775421.928960 sending message 110 to peer 0x128048000 (0 bytes)
1747775421.928967 sending message 107 to peer 0x128048000 (4 bytes)
1747775421.928975 sending message 105 to peer 0x128048000 (68 bytes)
1747775421.928982 sending message 105 to peer 0x128048000 (51 bytes)
1747775421.928992 sending message 105 to peer 0x128048000 (55 bytes)
1747775421.929001 sending message 105 to peer 0x128048000 (27 bytes)
1747775421.929009 sending message 105 to peer 0x128048000 (35 bytes)
1747775421.929021 sending message 105 to peer 0x128048000 (33 bytes)
1747775421.929028 sending message 105 to peer 0x128048000 (28 bytes)
1747775421.929038 sending message 105 to peer 0x128048000 (20 bytes)
1747775421.929046 sending message 105 to peer 0x128048000 (22 bytes)
1747775421.929056 sending message 105 to peer 0x128048000 (24 bytes)
1747775421.929063 sending message 105 to peer 0x128048000 (28 bytes)
1747775421.929070 sending message 105 to peer 0x128048000 (23 bytes)
1747775421.929077 sending message 105 to peer 0x128048000 (37 bytes)
1747775421.929083 sending message 105 to peer 0x128048000 (30 bytes)
1747775421.929091 sending message 105 to peer 0x128048000 (34 bytes)
1747775421.929097 sending message 105 to peer 0x128048000 (35 bytes)
1747775421.929104 sending message 105 to peer 0x128048000 (24 bytes)
1747775421.929111 sending message 105 to peer 0x128048000 (23 bytes)
1747775421.929116 sending message 105 to peer 0x128048000 (14 bytes)
1747775421.929123 sending message 105 to peer 0x128048000 (15 bytes)
1747775421.929131 sending message 105 to peer 0x128048000 (17 bytes)
1747775421.929136 sending message 105 to peer 0x128048000 (8 bytes)
1747775421.929144 sending message 105 to peer 0x128048000 (19 bytes)
1747775421.929154 sending message 105 to peer 0x128048000 (32 bytes)
1747775421.929168 sending message 105 to peer 0x128048000 (96 bytes)
1747775421.929177 sending message 105 to peer 0x128048000 (54 bytes)
1747775421.929184 sending message 105 to peer 0x128048000 (55 bytes)
1747775421.929191 sending message 105 to peer 0x128048000 (31 bytes)
1747775421.929198 sending message 105 to peer 0x128048000 (58 bytes)
1747775421.929204 sending message 105 to peer 0x128048000 (16 bytes)
1747775421.929212 sending message 105 to peer 0x128048000 (31 bytes)
1747775421.929219 sending message 105 to peer 0x128048000 (67 bytes)
1747775421.929225 sending message 105 to peer 0x128048000 (51 bytes)
1747775421.929232 sending message 105 to peer 0x128048000 (12 bytes)
1747775421.929239 sending message 105 to peer 0x128048000 (11 bytes)
1747775421.929245 sending message 105 to peer 0x128048000 (2040 bytes)
1747775421.929258 sending message 105 to peer 0x128048000 (29 bytes)
1747775421.929265 sending message 105 to peer 0x128048000 (31 bytes)
1747775421.929273 sending message 105 to peer 0x128048000 (1500 bytes)
1747775421.929279 sending message 105 to peer 0x128048000 (16 bytes)
1747775421.929286 sending message 105 to peer 0x128048000 (46 bytes)
1747775421.929293 sending message 105 to peer 0x128048000 (59 bytes)
1747775421.929299 sending message 105 to peer 0x128048000 (37 bytes)
1747775421.929306 sending message 105 to peer 0x128048000 (28 bytes)
1747775421.929312 sending message 105 to peer 0x128048000 (24 bytes)
1747775421.929319 sending message 105 to peer 0x128048000 (47 bytes)
1747775421.929326 sending message 105 to peer 0x128048000 (15 bytes)
1747775421.929332 sending message 105 to peer 0x128048000 (8 bytes)
1747775421.929339 sending message 105 to peer 0x128048000 (66 bytes)
1747775421.929346 sending message 105 to peer 0x128048000 (21 bytes)
1747775421.929352 sending message 105 to peer 0x128048000 (18 bytes)
1747775421.929359 sending message 105 to peer 0x128048000 (26 bytes)
1747775421.929365 sending message 105 to peer 0x128048000 (57 bytes)
1747775421.929372 sending message 105 to peer 0x128048000 (50 bytes)
1747775421.929379 sending message 105 to peer 0x128048000 (14 bytes)
1747775421.929385 sending message 105 to peer 0x128048000 (58 bytes)
1747775421.929392 sending message 105 to peer 0x128048000 (16 bytes)
1747775421.929399 sending message 105 to peer 0x128048000 (53 bytes)
1747775421.929405 sending message 105 to peer 0x128048000 (66 bytes)
1747775421.929411 sending message 105 to peer 0x128048000 (72 bytes)
1747775421.929417 sending message 105 to peer 0x128048000 (64 bytes)
1747775421.929424 sending message 105 to peer 0x128048000 (15 bytes)
1747775421.929431 sending message 105 to peer 0x128048000 (74 bytes)
1747775421.929437 sending message 105 to peer 0x128048000 (14 bytes)
1747775421.929444 sending message 105 to peer 0x128048000 (19 bytes)
1747775421.929451 sending message 105 to peer 0x128048000 (33 bytes)
1747775421.929457 sending message 105 to peer 0x128048000 (26 bytes)
1747775421.929464 sending message 105 to peer 0x128048000 (22 bytes)
1747775421.929470 sending message 105 to peer 0x128048000 (44 bytes)
1747775421.929476 sending message 105 to peer 0x128048000 (43 bytes)
1747775421.929483 sending message 105 to peer 0x128048000 (17 bytes)
1747775421.929489 sending message 105 to peer 0x128048000 (10 bytes)
1747775421.929496 sending message 105 to peer 0x128048000 (46 bytes)
1747775421.929503 sending message 105 to peer 0x128048000 (45 bytes)
1747775421.929509 sending message 105 to peer 0x128048000 (25 bytes)
1747775421.929516 sending message 106 to peer 0x128048000 (0 bytes)
1747775421.929570 sending message 200 to peer 0x128048000 (4 bytes)
1747775421.929580 client loop enter
1747775421.929890 peer 0x128048000 message 303
1747775421.929903 open write file 2 -
1747775421.929918 sending message 305 to peer 0x128048000 (8 bytes)
1747775421.929928 write check file 2
1747775421.929960 peer 0x128048000 message 304
1747775421.929969 write 58 to file 2
1747775421.929977 peer 0x128048000 message 203
1747775421.929984 file 2 58 bytes left
1747775421.930002 write check file 2
1747775421.930009 client loop exit
